
  .   ____          _            __ _ _
 /\\ / ___'_ __ _ _(_)_ __  __ _ \ \ \ \
( ( )\___ | '_ | '_| | '_ \/ _` | \ \ \ \
 \\/  ___)| |_)| | | | | || (_| |  ) ) ) )
  '  |____| .__|_| |_|_| |_\__, | / / / /
 =========|_|==============|___/=/_/_/_/
 :: Spring Boot ::                (v3.2.5)

2026-08-08T13:44:59.500+05:30  INFO 14377 --- [           main] com.nexus.NexusApplication               : Starting NexusApplication v1.0.0 using Java 21.0.10 with PID 14377 (/Users/mack/Desktop/Code/Intershala/Nexus/backend/target/nexus-backend-1.0.0.jar started by mack in /Users/mack/Desktop/Code/Intershala/Nexus/backend)
2026-08-08T13:44:59.507+05:30 DEBUG 14377 --- [           main] com.nexus.NexusApplication               : Running with Spring Boot v3.2.5, Spring v6.1.6
2026-08-08T13:44:59.509+05:30  INFO 14377 --- [           main] com.nexus.NexusApplication               : No active profile set, falling back to 1 default profile: "default"
2026-08-08T13:45:01.618+05:30  INFO 14377 --- [           main] .s.d.r.c.RepositoryConfigurationDelegate : Bootstrapping Spring Data JPA repositories in DEFAULT mode.
2026-08-08T13:45:01.730+05:30  INFO 14377 --- [           main] .s.d.r.c.RepositoryConfigurationDelegate : Finished Spring Data repository scanning in 98 ms. Found 5 JPA repository interfaces.
2026-08-08T13:45:02.720+05:30  INFO 14377 --- [           main] o.s.b.w.embedded.tomcat.TomcatWebServer  : Tomcat initialized with port 8080 (http)
2026-08-08T13:45:02.741+05:30  INFO 14377 --- [           main] o.apache.catalina.core.StandardService   : Starting service [Tomcat]
2026-08-08T13:45:02.741+05:30  INFO 14377 --- [           main] o.apache.catalina.core.StandardEngine    : Starting Servlet engine: [Apache Tomcat/10.1.20]
2026-08-08T13:45:02.792+05:30  INFO 14377 --- [           main] o.a.c.c.C.[Tomcat].[localhost].[/]       : Initializing Spring embedded WebApplicationContext
2026-08-08T13:45:02.794+05:30  INFO 14377 --- [           main] w.s.c.ServletWebServerApplicationContext : Root WebApplicationContext: initialization completed in 3087 ms
2026-08-08T13:45:03.073+05:30  INFO 14377 --- [           main] o.hibernate.jpa.internal.util.LogHelper  : HHH000204: Processing PersistenceUnitInfo [name: default]
2026-08-08T13:45:03.251+05:30  INFO 14377 --- [           main] org.hibernate.Version                    : HHH000412: Hibernate ORM core version 6.4.4.Final
2026-08-08T13:45:03.339+05:30  INFO 14377 --- [           main] o.h.c.internal.RegionFactoryInitiator    : HHH000026: Second-level cache disabled
2026-08-08T13:45:03.799+05:30  INFO 14377 --- [           main] o.s.o.j.p.SpringPersistenceUnitInfo      : No LoadTimeWeaver setup: ignoring JPA class transformer
2026-08-08T13:45:03.956+05:30  INFO 14377 --- [           main] com.zaxxer.hikari.HikariDataSource       : HikariPool-1 - Starting...
2026-08-08T13:45:04.459+05:30  INFO 14377 --- [           main] com.zaxxer.hikari.pool.HikariPool        : HikariPool-1 - Added connection org.postgresql.jdbc.PgConnection@18907af2
2026-08-08T13:45:04.462+05:30  INFO 14377 --- [           main] com.zaxxer.hikari.HikariDataSource       : HikariPool-1 - Start completed.
2026-08-08T13:45:04.515+05:30  WARN 14377 --- [           main] org.hibernate.orm.deprecation            : HHH90000025: PostgreSQLDialect does not need to be specified explicitly using 'hibernate.dialect' (remove the property setting and it will be selected by default)
2026-08-08T13:45:06.562+05:30  INFO 14377 --- [           main] o.h.e.t.j.p.i.JtaPlatformInitiator       : HHH000489: No JTA platform available (set 'hibernate.transaction.jta.platform' to enable JTA platform integration)
2026-08-08T13:45:06.682+05:30  INFO 14377 --- [           main] j.LocalContainerEntityManagerFactoryBean : Initialized JPA EntityManagerFactory for persistence unit 'default'
2026-08-08T13:45:07.086+05:30  INFO 14377 --- [           main] o.s.d.j.r.query.QueryEnhancerFactory     : Hibernate is in classpath; If applicable, HQL parser will be used.
2026-08-08T13:45:08.688+05:30  WARN 14377 --- [           main] JpaBaseConfiguration$JpaWebConfiguration : spring.jpa.open-in-view is enabled by default. Therefore, database queries may be performed during view rendering. Explicitly configure spring.jpa.open-in-view to disable this warning
2026-08-08T13:45:09.429+05:30  INFO 14377 --- [           main] o.s.b.w.embedded.tomcat.TomcatWebServer  : Tomcat started on port 8080 (http) with context path ''
2026-08-08T13:45:09.453+05:30  INFO 14377 --- [           main] com.nexus.NexusApplication               : Started NexusApplication in 11.504 seconds (process running for 13.476)
2026-08-08T13:45:09.458+05:30  INFO 14377 --- [           main] com.nexus.service.WorkerManager          : Initializing NEXUS worker nodes...
2026-08-08T13:45:09.630+05:30  INFO 14377 --- [           main] com.nexus.service.WorkerManager          : Spawning worker subprocess for ID=worker-1 Port=9999 Version=v1 Mode=NORMAL
2026-08-08T13:45:09.882+05:30  INFO 14377 --- [           main] com.nexus.service.EventManager           : [WORKER_STARTED] subject=WORKER/worker-1 message="Worker process spawned" reason="Startup initialized on port 9999" metadata={"failureMode":"NORMAL","port":9999,"version":"v1"}
2026-08-08T13:45:09.903+05:30  INFO 14377 --- [           main] com.nexus.service.WorkerManager          : Spawning worker subprocess for ID=worker-2 Port=8082 Version=v1 Mode=NORMAL
2026-08-08T13:45:09.975+05:30  INFO 14377 --- [           main] com.nexus.service.EventManager           : [WORKER_STARTED] subject=WORKER/worker-2 message="Worker process spawned" reason="Startup initialized on port 8082" metadata={"failureMode":"NORMAL","port":8082,"version":"v1"}
2026-08-08T13:45:10.005+05:30  INFO 14377 --- [           main] com.nexus.service.WorkerManager          : Spawning worker subprocess for ID=worker-3 Port=8083 Version=v1 Mode=NORMAL
2026-08-08T13:45:10.160+05:30  INFO 14377 --- [           main] com.nexus.service.EventManager           : [WORKER_STARTED] subject=WORKER/worker-3 message="Worker process spawned" reason="Startup initialized on port 8083" metadata={"failureMode":"NORMAL","port":8083,"version":"v1"}
2026-08-08T13:45:11.654+05:30  WARN 14377 --- [xus-scheduler-3] com.nexus.service.WorkerManager          : Worker failure detected for ID=worker-1. Reason: HTTP ping failure: null
2026-08-08T13:45:11.654+05:30  INFO 14377 --- [xus-scheduler-3] com.nexus.service.WorkerManager          : Stopping worker subprocess for ID=worker-1
2026-08-08T13:45:11.769+05:30  INFO 14377 --- [xus-scheduler-3] com.nexus.service.EventManager           : [WORKER_CRASHED] subject=WORKER/worker-1 message="Worker node crashed or became unreachable" reason="HTTP ping failure: null" metadata={"restartCount":7,"maxRestartCount":5,"error":"HTTP ping failure: null"}
2026-08-08T13:45:11.865+05:30  INFO 14377 --- [xus-scheduler-3] com.nexus.service.EventManager           : [WORKER_OUT_OF_SERVICE] subject=WORKER/worker-1 message="Worker marked OUT_OF_SERVICE" reason="Restart budget exhausted (tried 5 times)" metadata={"restartCount":7,"maxRestartCount":5,"error":"HTTP ping failure: null"}
2026-08-08T13:45:11.902+05:30  WARN 14377 --- [xus-scheduler-3] com.nexus.service.WorkerManager          : Worker failure detected for ID=worker-2. Reason: HTTP ping failure: null
2026-08-08T13:45:11.903+05:30  INFO 14377 --- [xus-scheduler-3] com.nexus.service.WorkerManager          : Stopping worker subprocess for ID=worker-2
2026-08-08T13:45:11.982+05:30  INFO 14377 --- [xus-scheduler-3] com.nexus.service.EventManager           : [WORKER_CRASHED] subject=WORKER/worker-2 message="Worker node crashed or became unreachable" reason="HTTP ping failure: null" metadata={"restartCount":1,"maxRestartCount":5,"error":"HTTP ping failure: null"}
2026-08-08T13:45:12.046+05:30  INFO 14377 --- [xus-scheduler-3] com.nexus.service.EventManager           : [WORKER_RESTART_REQUESTED] subject=WORKER/worker-2 message="Scheduling worker recovery restart" reason="Attempt 1/5 in 1000ms" metadata={"restartCount":1,"maxRestartCount":5,"error":"HTTP ping failure: null"}
2026-08-08T13:45:13.068+05:30  INFO 14377 --- [xus-scheduler-1] com.nexus.service.WorkerManager          : Spawning worker subprocess for ID=worker-2 Port=8082 Version=v1 Mode=NORMAL
2026-08-08T13:45:13.112+05:30  INFO 14377 --- [xus-scheduler-1] com.nexus.service.EventManager           : [WORKER_STARTED] subject=WORKER/worker-2 message="Worker process spawned" reason="Startup initialized on port 8082" metadata={"failureMode":"NORMAL","port":8082,"version":"v1"}
2026-08-08T13:45:14.431+05:30  INFO 14377 --- [xus-scheduler-4] com.nexus.service.EventManager           : [WORKER_RECOVERED] subject=WORKER/worker-3 message="Worker health check succeeded" reason="Worker is healthy and accepting jobs" metadata={}
2026-08-08T13:45:16.595+05:30  INFO 14377 --- [xus-scheduler-2] com.nexus.service.EventManager           : [WORKER_RECOVERED] subject=WORKER/worker-2 message="Worker health check succeeded" reason="Worker is healthy and accepting jobs" metadata={}
2026-08-08T13:45:18.389+05:30  INFO 14377 --- [nio-8080-exec-4] o.a.c.c.C.[Tomcat].[localhost].[/]       : Initializing Spring DispatcherServlet 'dispatcherServlet'
2026-08-08T13:45:18.390+05:30  INFO 14377 --- [nio-8080-exec-4] o.s.web.servlet.DispatcherServlet        : Initializing Servlet 'dispatcherServlet'
2026-08-08T13:45:18.402+05:30  INFO 14377 --- [nio-8080-exec-4] o.s.web.servlet.DispatcherServlet        : Completed initialization in 11 ms
2026-08-08T13:45:40.981+05:30  INFO 14377 --- [xus-scheduler-4] com.nexus.service.EventManager           : [WORKER_RECOVERED] subject=WORKER/worker-3 message="Worker restart budget reset" reason="Worker remained healthy for settling period of 30s" metadata={"previousRestartCount":1}
2026-08-08T13:45:45.060+05:30  INFO 14377 --- [xus-scheduler-3] com.nexus.service.EventManager           : [WORKER_RECOVERED] subject=WORKER/worker-2 message="Worker restart budget reset" reason="Worker remained healthy for settling period of 30s" metadata={"previousRestartCount":1}
2026-08-08T13:47:52.606+05:30  WARN 14377 --- [xus-scheduler-4] com.nexus.service.WorkerManager          : Worker failure detected for ID=worker-1. Reason: Process died (exit code = unknown)
2026-08-08T13:47:52.634+05:30  INFO 14377 --- [xus-scheduler-4] com.nexus.service.EventManager           : [WORKER_CRASHED] subject=WORKER/worker-1 message="Worker node crashed or became unreachable" reason="Process died (exit code = unknown)" metadata={"restartCount":1,"maxRestartCount":5,"error":"Process died (exit code = unknown)"}
2026-08-08T13:47:52.660+05:30  INFO 14377 --- [xus-scheduler-4] com.nexus.service.EventManager           : [WORKER_RESTART_REQUESTED] subject=WORKER/worker-1 message="Scheduling worker recovery restart" reason="Attempt 1/5 in 1000ms" metadata={"restartCount":1,"maxRestartCount":5,"error":"Process died (exit code = unknown)"}
2026-08-08T13:47:53.679+05:30  INFO 14377 --- [xus-scheduler-3] com.nexus.service.WorkerManager          : Spawning worker subprocess for ID=worker-1 Port=8081 Version=v1 Mode=NORMAL
2026-08-08T13:47:53.713+05:30  INFO 14377 --- [xus-scheduler-3] com.nexus.service.EventManager           : [WORKER_STARTED] subject=WORKER/worker-1 message="Worker process spawned" reason="Startup initialized on port 8081" metadata={"failureMode":"NORMAL","port":8081,"version":"v1"}
2026-08-08T13:47:56.860+05:30  INFO 14377 --- [xus-scheduler-1] com.nexus.service.EventManager           : [WORKER_RECOVERED] subject=WORKER/worker-1 message="Worker health check succeeded" reason="Worker is healthy and accepting jobs" metadata={}
2026-08-08T13:48:25.447+05:30  INFO 14377 --- [xus-scheduler-4] com.nexus.service.EventManager           : [WORKER_RECOVERED] subject=WORKER/worker-1 message="Worker restart budget reset" reason="Worker remained healthy for settling period of 30s" metadata={"previousRestartCount":1}
2026-08-08T13:49:02.827+05:30  INFO 14377 --- [nio-8080-exec-5] com.nexus.service.EventManager           : [WORK_ACCEPTED] subject=WORK/job-1786177142 message="Job accepted and persisted" reason="Initial state set to PENDING. Persisted before API acknowledgment." metadata={"maxAttempts":5,"type":"SEND_EMAIL"}
2026-08-08T13:49:03.124+05:30  INFO 14377 --- [xus-scheduler-4] com.nexus.service.EventManager           : [WORK_ASSIGNED] subject=WORK/job-1786177142 message="Job assigned to worker node" reason="Assigned to worker-3 (Attempt 1/5)" metadata={"attemptNumber":1,"workerId":"worker-3"}
2026-08-08T13:49:03.355+05:30  INFO 14377 --- [xus-scheduler-4] com.nexus.service.EventManager           : [WORK_SUCCESS] subject=WORK/job-1786177142 message="Job execution succeeded" reason="Completed by worker-3 in 106ms" metadata={"attemptNumber":1,"workerId":"worker-3","durationMs":106}
2026-08-08T13:50:08.757+05:30  INFO 14377 --- [nio-8080-exec-8] com.nexus.service.EventManager           : [WORK_ACCEPTED] subject=WORK/job-1786177208 message="Job accepted and persisted" reason="Initial state set to PENDING. Persisted before API acknowledgment." metadata={"maxAttempts":5,"type":"SEND_EMAIL"}
2026-08-08T13:50:10.044+05:30  INFO 14377 --- [xus-scheduler-2] com.nexus.service.EventManager           : [WORK_ASSIGNED] subject=WORK/job-1786177208 message="Job assigned to worker node" reason="Assigned to worker-2 (Attempt 1/5)" metadata={"attemptNumber":1,"workerId":"worker-2"}
2026-08-08T13:50:10.516+05:30  INFO 14377 --- [xus-scheduler-2] com.nexus.service.EventManager           : [WORK_SUCCESS] subject=WORK/job-1786177208 message="Job execution succeeded" reason="Completed by worker-2 in 180ms" metadata={"attemptNumber":1,"workerId":"worker-2","durationMs":180}
2026-08-08T13:50:15.148+05:30  INFO 14377 --- [nio-8080-exec-7] com.nexus.service.EventManager           : [WORK_ACCEPTED] subject=WORK/job-1786177215 message="Job accepted and persisted" reason="Initial state set to PENDING. Persisted before API acknowledgment." metadata={"maxAttempts":5,"type":"SEND_EMAIL"}
2026-08-08T13:50:16.143+05:30  INFO 14377 --- [xus-scheduler-2] com.nexus.service.EventManager           : [WORK_ASSIGNED] subject=WORK/job-1786177215 message="Job assigned to worker node" reason="Assigned to worker-1 (Attempt 1/5)" metadata={"attemptNumber":1,"workerId":"worker-1"}
2026-08-08T13:50:16.497+05:30  INFO 14377 --- [xus-scheduler-2] com.nexus.service.EventManager           : [WORK_SUCCESS] subject=WORK/job-1786177215 message="Job execution succeeded" reason="Completed by worker-1 in 153ms" metadata={"attemptNumber":1,"workerId":"worker-1","durationMs":153}
2026-08-08T13:50:35.323+05:30  INFO 14377 --- [io-8080-exec-10] com.nexus.service.EventManager           : [WORK_ACCEPTED] subject=WORK/job-1786177235 message="Job accepted and persisted" reason="Initial state set to PENDING. Persisted before API acknowledgment." metadata={"maxAttempts":5,"type":"SEND_EMAIL"}
2026-08-08T13:50:36.090+05:30  INFO 14377 --- [xus-scheduler-2] com.nexus.service.EventManager           : [WORK_ASSIGNED] subject=WORK/job-1786177235 message="Job assigned to worker node" reason="Assigned to worker-3 (Attempt 1/5)" metadata={"attemptNumber":1,"workerId":"worker-3"}
2026-08-08T13:50:36.438+05:30  INFO 14377 --- [xus-scheduler-2] com.nexus.service.EventManager           : [WORK_SUCCESS] subject=WORK/job-1786177235 message="Job execution succeeded" reason="Completed by worker-3 in 62ms" metadata={"attemptNumber":1,"workerId":"worker-3","durationMs":62}
2026-08-08T13:51:41.875+05:30  INFO 14377 --- [nio-8080-exec-6] com.nexus.service.EventManager           : [WORK_ACCEPTED] subject=WORK/job-1786177301 message="Job accepted and persisted" reason="Initial state set to PENDING. Persisted before API acknowledgment." metadata={"maxAttempts":5,"type":"SEND_EMAIL"}
2026-08-08T13:51:42.679+05:30  INFO 14377 --- [xus-scheduler-5] com.nexus.service.EventManager           : [WORK_ASSIGNED] subject=WORK/job-1786177301 message="Job assigned to worker node" reason="Assigned to worker-2 (Attempt 1/5)" metadata={"attemptNumber":1,"workerId":"worker-2"}
2026-08-08T13:51:42.801+05:30  INFO 14377 --- [xus-scheduler-5] com.nexus.service.EventManager           : [WORK_SUCCESS] subject=WORK/job-1786177301 message="Job execution succeeded" reason="Completed by worker-2 in 28ms" metadata={"attemptNumber":1,"workerId":"worker-2","durationMs":28}
2026-08-08T13:51:49.484+05:30  INFO 14377 --- [nio-8080-exec-4] com.nexus.service.WorkerManager          : Setting failure mode for worker worker-3 to CRASH
2026-08-08T13:51:49.537+05:30  INFO 14377 --- [nio-8080-exec-4] com.nexus.service.EventManager           : [WORKER_FAILURE_MODE_CHANGED] subject=WORKER/worker-3 message="Worker failure mode updated by operator" reason="Failure mode changed to CRASH" metadata={"newMode":"CRASH"}
2026-08-08T13:52:15.483+05:30  INFO 14377 --- [nio-8080-exec-9] com.nexus.service.WorkerManager          : Setting failure mode for worker worker-2 to CRASH
2026-08-08T13:52:15.513+05:30  INFO 14377 --- [nio-8080-exec-9] com.nexus.service.EventManager           : [WORKER_FAILURE_MODE_CHANGED] subject=WORKER/worker-2 message="Worker failure mode updated by operator" reason="Failure mode changed to CRASH" metadata={"newMode":"CRASH"}
2026-08-08T13:52:15.945+05:30  INFO 14377 --- [io-8080-exec-10] com.nexus.service.WorkerManager          : Setting failure mode for worker worker-2 to CRASH
2026-08-08T13:52:15.985+05:30  INFO 14377 --- [io-8080-exec-10] com.nexus.service.EventManager           : [WORKER_FAILURE_MODE_CHANGED] subject=WORKER/worker-2 message="Worker failure mode updated by operator" reason="Failure mode changed to CRASH" metadata={"newMode":"CRASH"}
2026-08-08T13:52:16.095+05:30  INFO 14377 --- [nio-8080-exec-1] com.nexus.service.WorkerManager          : Setting failure mode for worker worker-1 to CRASH
2026-08-08T13:52:16.125+05:30  INFO 14377 --- [nio-8080-exec-1] com.nexus.service.EventManager           : [WORKER_FAILURE_MODE_CHANGED] subject=WORKER/worker-1 message="Worker failure mode updated by operator" reason="Failure mode changed to CRASH" metadata={"newMode":"CRASH"}
2026-08-08T13:52:19.577+05:30  INFO 14377 --- [nio-8080-exec-4] com.nexus.service.WorkerManager          : Setting failure mode for worker worker-2 to NORMAL
2026-08-08T13:52:19.614+05:30  INFO 14377 --- [nio-8080-exec-4] com.nexus.service.EventManager           : [WORKER_FAILURE_MODE_CHANGED] subject=WORKER/worker-2 message="Worker failure mode updated by operator" reason="Failure mode changed to NORMAL" metadata={"newMode":"NORMAL"}
2026-08-08T13:52:24.081+05:30  INFO 14377 --- [io-8080-exec-10] com.nexus.service.WorkerManager          : Setting failure mode for worker worker-1 to NORMAL
2026-08-08T13:52:24.109+05:30  INFO 14377 --- [io-8080-exec-10] com.nexus.service.EventManager           : [WORKER_FAILURE_MODE_CHANGED] subject=WORKER/worker-1 message="Worker failure mode updated by operator" reason="Failure mode changed to NORMAL" metadata={"newMode":"NORMAL"}
2026-08-08T13:52:37.669+05:30  INFO 14377 --- [nio-8080-exec-5] com.nexus.service.WorkerManager          : Setting failure mode for worker worker-1 to CRASH
2026-08-08T13:52:37.704+05:30  INFO 14377 --- [nio-8080-exec-5] com.nexus.service.EventManager           : [WORKER_FAILURE_MODE_CHANGED] subject=WORKER/worker-1 message="Worker failure mode updated by operator" reason="Failure mode changed to CRASH" metadata={"newMode":"CRASH"}
2026-08-08T13:52:41.810+05:30  INFO 14377 --- [nio-8080-exec-4] com.nexus.service.WorkerManager          : Setting failure mode for worker worker-3 to NORMAL
2026-08-08T13:52:41.832+05:30  INFO 14377 --- [nio-8080-exec-4] com.nexus.service.EventManager           : [WORKER_FAILURE_MODE_CHANGED] subject=WORKER/worker-3 message="Worker failure mode updated by operator" reason="Failure mode changed to NORMAL" metadata={"newMode":"NORMAL"}
2026-08-08T13:52:46.050+05:30  INFO 14377 --- [nio-8080-exec-3] com.nexus.service.EventManager           : [WORK_ACCEPTED] subject=WORK/job-1786177365 message="Job accepted and persisted" reason="Initial state set to PENDING. Persisted before API acknowledgment." metadata={"maxAttempts":5,"type":"SEND_EMAIL"}
2026-08-08T13:52:47.131+05:30  INFO 14377 --- [xus-scheduler-4] com.nexus.service.EventManager           : [WORK_ASSIGNED] subject=WORK/job-1786177365 message="Job assigned to worker node" reason="Assigned to worker-3 (Attempt 1/5)" metadata={"attemptNumber":1,"workerId":"worker-3"}
2026-08-08T13:52:47.234+05:30  INFO 14377 --- [xus-scheduler-4] com.nexus.service.EventManager           : [WORK_SUCCESS] subject=WORK/job-1786177365 message="Job execution succeeded" reason="Completed by worker-3 in 24ms" metadata={"attemptNumber":1,"workerId":"worker-3","durationMs":24}
2026-08-08T13:53:35.546+05:30  INFO 14377 --- [nio-8080-exec-3] com.nexus.service.EventManager           : [WORK_ACCEPTED] subject=WORK/job-1786177415 message="Job accepted and persisted" reason="Initial state set to PENDING. Persisted before API acknowledgment." metadata={"maxAttempts":5,"type":"SEND_EMAIL"}
2026-08-08T13:53:36.239+05:30  INFO 14377 --- [xus-scheduler-3] com.nexus.service.EventManager           : [WORK_ASSIGNED] subject=WORK/job-1786177415 message="Job assigned to worker node" reason="Assigned to worker-2 (Attempt 1/5)" metadata={"attemptNumber":1,"workerId":"worker-2"}
2026-08-08T13:53:36.339+05:30  INFO 14377 --- [xus-scheduler-3] com.nexus.service.EventManager           : [WORK_SUCCESS] subject=WORK/job-1786177415 message="Job execution succeeded" reason="Completed by worker-2 in 26ms" metadata={"attemptNumber":1,"workerId":"worker-2","durationMs":26}
